2025-06-17 14:17:04,666 - INFO - Generating client installment summary...
2025-06-17 14:17:05,307 - INFO - Found 5182 client summaries
2025-06-17 14:17:05,564 - INFO - Summary saved to client_installment_summary_20250617_141705.csv
2025-06-17 14:17:05,564 - INFO - Generating detailed installment breakdown...
2025-06-17 14:17:08,488 - INFO - Found 77733 detailed installment records
2025-06-17 14:17:10,098 - INFO - Detailed breakdown saved to client_installment_details_20250617_141709.csv
2025-06-17 14:26:37,525 - INFO - Generating client installment summary...
2025-06-17 14:26:37,622 - INFO - Creating client_summary table if it doesn't exist...
2025-06-17 14:26:37,936 - INFO - client_summary table created or already exists
2025-06-17 14:26:38,365 - INFO - Found 5182 client summaries
2025-06-17 14:26:38,457 - INFO - Summary saved to client_installment_summary_20250617_142638.csv
2025-06-17 14:26:38,457 - INFO - Importing client summary to database...
2025-06-17 14:26:39,018 - INFO - Successfully imported 5182 records to client_summary table
2025-06-17 14:26:39,019 - INFO - Generating detailed installment breakdown...
2025-06-17 14:26:39,019 - INFO - Creating client_installment_detail table if it doesn't exist...
2025-06-17 14:26:39,049 - INFO - client_installment_detail table created or already exists
2025-06-17 14:26:41,897 - INFO - Found 77733 detailed installment records
2025-06-17 14:26:43,617 - INFO - Detailed breakdown saved to client_installment_details_20250617_142642.csv
2025-06-17 14:26:43,617 - INFO - Importing client installment details to database...
2025-06-17 14:26:51,230 - INFO - Successfully imported 77643 records to client_installment_detail table
