2025-06-19 17:50:49,433 - INFO - Starting conversion of scripts\data\indusun_data.xlsx to scripts\data\indusun_data.csv
2025-06-19 17:50:49,433 - INFO - Loading workbook...
2025-06-19 17:51:22,606 - INFO - Accessing MAIN SHEET...
2025-06-19 17:51:22,607 - INFO - Opening CSV file for writing...
2025-06-19 17:51:22,607 - INFO - Skipping first row...
2025-06-19 17:51:22,940 - INFO - Writing header row...
2025-06-19 17:51:23,265 - INFO - Writing data rows...
2025-06-19 17:51:24,423 - INFO - Processed 1000 rows...
2025-06-19 17:51:26,376 - INFO - Processed 2000 rows...
2025-06-19 17:51:27,196 - INFO - Processed 3000 rows...
2025-06-19 17:51:27,958 - INFO - Processed 4000 rows...
2025-06-19 17:51:28,725 - INFO - Processed 5000 rows...
2025-06-19 17:51:31,066 - INFO - Processed 6000 rows...
2025-06-19 17:51:31,765 - INFO - Processed 7000 rows...
2025-06-19 17:51:32,481 - INFO - Processed 8000 rows...
2025-06-19 17:51:33,209 - INFO - Processed 9000 rows...
2025-06-19 17:51:33,916 - INFO - Processed 10000 rows...
2025-06-19 17:51:34,651 - INFO - Processed 11000 rows...
2025-06-19 17:51:36,979 - INFO - Processed 12000 rows...
2025-06-19 17:51:37,788 - INFO - Processed 13000 rows...
2025-06-19 17:51:38,503 - INFO - Processed 14000 rows...
2025-06-19 17:51:39,253 - INFO - Processed 15000 rows...
2025-06-19 17:51:40,109 - INFO - Processed 16000 rows...
2025-06-19 17:51:40,989 - INFO - Processed 17000 rows...
2025-06-19 17:51:41,749 - INFO - Processed 18000 rows...
2025-06-19 17:51:44,783 - INFO - Processed 19000 rows...
2025-06-19 17:51:45,471 - INFO - Processed 20000 rows...
2025-06-19 17:51:46,166 - INFO - Processed 21000 rows...
2025-06-19 17:51:46,951 - INFO - Processed 22000 rows...
2025-06-19 17:51:47,636 - INFO - Processed 23000 rows...
2025-06-19 17:51:48,330 - INFO - Processed 24000 rows...
2025-06-19 17:51:49,078 - INFO - Processed 25000 rows...
2025-06-19 17:51:49,799 - INFO - Processed 26000 rows...
2025-06-19 17:51:52,980 - INFO - Processed 27000 rows...
2025-06-19 17:51:53,759 - INFO - Processed 28000 rows...
2025-06-19 17:51:54,554 - INFO - Processed 29000 rows...
2025-06-19 17:51:55,271 - INFO - Processed 30000 rows...
2025-06-19 17:51:55,981 - INFO - Processed 31000 rows...
2025-06-19 17:51:56,712 - INFO - Processed 32000 rows...
2025-06-19 17:51:57,580 - INFO - Processed 33000 rows...
2025-06-19 17:51:58,323 - INFO - Processed 34000 rows...
2025-06-19 17:51:59,058 - INFO - Processed 35000 rows...
2025-06-19 17:51:59,934 - INFO - Processed 36000 rows...
2025-06-19 17:52:00,769 - INFO - Processed 37000 rows...
2025-06-19 17:52:04,871 - INFO - Processed 38000 rows...
2025-06-19 17:52:05,713 - INFO - Processed 39000 rows...
2025-06-19 17:52:06,571 - INFO - Processed 40000 rows...
2025-06-19 17:52:07,418 - INFO - Processed 41000 rows...
2025-06-19 17:52:08,422 - INFO - Processed 42000 rows...
2025-06-19 17:52:09,570 - INFO - Processed 43000 rows...
2025-06-19 17:52:10,537 - INFO - Processed 44000 rows...
2025-06-19 17:52:11,343 - INFO - Processed 45000 rows...
2025-06-19 17:52:13,150 - INFO - Processed 46000 rows...
2025-06-19 17:52:13,930 - INFO - Processed 47000 rows...
2025-06-19 17:52:14,723 - INFO - Processed 48000 rows...
2025-06-19 17:52:15,575 - INFO - Processed 49000 rows...
2025-06-19 17:52:16,384 - INFO - Processed 50000 rows...
2025-06-19 17:52:17,152 - INFO - Processed 51000 rows...
2025-06-19 17:52:21,603 - INFO - Processed 52000 rows...
2025-06-19 17:52:22,349 - INFO - Processed 53000 rows...
2025-06-19 17:52:23,122 - INFO - Processed 54000 rows...
2025-06-19 17:52:23,913 - INFO - Processed 55000 rows...
2025-06-19 17:53:08,094 - INFO - Starting conversion of scripts\data\indusun_data.xlsx to scripts\data\indusun_data.csv
2025-06-19 17:53:08,095 - INFO - Loading workbook in read-only mode...
2025-06-19 17:53:10,266 - INFO - Accessing MAIN SHEET...
2025-06-19 17:53:10,267 - INFO - Opening CSV file for writing...
2025-06-19 17:53:10,275 - INFO - Writing header row...
2025-06-19 17:53:10,277 - INFO - Skipping garbage row...
2025-06-19 17:53:10,280 - INFO - Writing data rows...
2025-06-19 17:53:10,535 - INFO - Processed 1000 rows...
2025-06-19 17:53:10,792 - INFO - Processed 2000 rows...
2025-06-19 17:53:11,046 - INFO - Processed 3000 rows...
2025-06-19 17:53:11,317 - INFO - Processed 4000 rows...
2025-06-19 17:53:11,581 - INFO - Processed 5000 rows...
2025-06-19 17:53:11,843 - INFO - Processed 6000 rows...
2025-06-19 17:53:12,103 - INFO - Processed 7000 rows...
2025-06-19 17:53:12,361 - INFO - Processed 8000 rows...
2025-06-19 17:53:12,627 - INFO - Processed 9000 rows...
2025-06-19 17:53:12,873 - INFO - Processed 10000 rows...
2025-06-19 17:53:13,137 - INFO - Processed 11000 rows...
2025-06-19 17:53:13,399 - INFO - Processed 12000 rows...
2025-06-19 17:53:13,651 - INFO - Processed 13000 rows...
2025-06-19 17:53:13,906 - INFO - Processed 14000 rows...
2025-06-19 17:53:14,162 - INFO - Processed 15000 rows...
2025-06-19 17:53:14,414 - INFO - Processed 16000 rows...
2025-06-19 17:53:14,728 - INFO - Processed 17000 rows...
2025-06-19 17:53:15,002 - INFO - Processed 18000 rows...
2025-06-19 17:53:15,266 - INFO - Processed 19000 rows...
2025-06-19 17:53:15,560 - INFO - Processed 20000 rows...
2025-06-19 17:53:15,817 - INFO - Processed 21000 rows...
2025-06-19 17:53:16,080 - INFO - Processed 22000 rows...
2025-06-19 17:53:16,343 - INFO - Processed 23000 rows...
2025-06-19 17:53:16,599 - INFO - Processed 24000 rows...
2025-06-19 17:53:16,854 - INFO - Processed 25000 rows...
2025-06-19 17:53:17,111 - INFO - Processed 26000 rows...
2025-06-19 17:53:17,373 - INFO - Processed 27000 rows...
2025-06-19 17:53:17,629 - INFO - Processed 28000 rows...
2025-06-19 17:53:17,888 - INFO - Processed 29000 rows...
2025-06-19 17:53:18,151 - INFO - Processed 30000 rows...
2025-06-19 17:53:18,410 - INFO - Processed 31000 rows...
2025-06-19 17:53:18,668 - INFO - Processed 32000 rows...
2025-06-19 17:53:18,923 - INFO - Processed 33000 rows...
2025-06-19 17:53:19,185 - INFO - Processed 34000 rows...
2025-06-19 17:53:19,448 - INFO - Processed 35000 rows...
2025-06-19 17:53:19,712 - INFO - Processed 36000 rows...
2025-06-19 17:53:19,964 - INFO - Processed 37000 rows...
2025-06-19 17:53:20,259 - INFO - Processed 38000 rows...
2025-06-19 17:53:20,514 - INFO - Processed 39000 rows...
2025-06-19 17:53:20,771 - INFO - Processed 40000 rows...
2025-06-19 17:53:21,021 - INFO - Processed 41000 rows...
2025-06-19 17:53:21,283 - INFO - Processed 42000 rows...
2025-06-19 17:53:21,538 - INFO - Processed 43000 rows...
2025-06-19 17:53:21,799 - INFO - Processed 44000 rows...
2025-06-19 17:53:22,058 - INFO - Processed 45000 rows...
2025-06-19 17:53:22,317 - INFO - Processed 46000 rows...
2025-06-19 17:53:22,576 - INFO - Processed 47000 rows...
2025-06-19 17:53:22,832 - INFO - Processed 48000 rows...
2025-06-19 17:53:23,091 - INFO - Processed 49000 rows...
2025-06-19 17:53:23,346 - INFO - Processed 50000 rows...
2025-06-19 17:53:23,604 - INFO - Processed 51000 rows...
2025-06-19 17:53:23,861 - INFO - Processed 52000 rows...
2025-06-19 17:53:24,122 - INFO - Processed 53000 rows...
2025-06-19 17:53:24,384 - INFO - Processed 54000 rows...
2025-06-19 17:53:24,646 - INFO - Processed 55000 rows...
2025-06-19 17:53:24,903 - INFO - Processed 56000 rows...
2025-06-19 17:53:25,166 - INFO - Processed 57000 rows...
2025-06-19 17:53:25,435 - INFO - Processed 58000 rows...
2025-06-19 17:53:25,723 - INFO - Processed 59000 rows...
2025-06-19 17:53:25,981 - INFO - Processed 60000 rows...
2025-06-19 17:53:26,239 - INFO - Processed 61000 rows...
2025-06-19 17:53:26,495 - INFO - Processed 62000 rows...
2025-06-19 17:53:26,750 - INFO - Processed 63000 rows...
2025-06-19 17:53:26,998 - INFO - Processed 64000 rows...
2025-06-19 17:53:27,257 - INFO - Processed 65000 rows...
2025-06-19 17:53:27,512 - INFO - Processed 66000 rows...
2025-06-19 17:53:27,771 - INFO - Processed 67000 rows...
2025-06-19 17:53:28,028 - INFO - Processed 68000 rows...
2025-06-19 17:53:28,286 - INFO - Processed 69000 rows...
2025-06-19 17:53:28,540 - INFO - Processed 70000 rows...
2025-06-19 17:53:28,799 - INFO - Processed 71000 rows...
2025-06-19 17:53:29,081 - INFO - Processed 72000 rows...
2025-06-19 17:53:29,357 - INFO - Processed 73000 rows...
2025-06-19 17:53:29,610 - INFO - Processed 74000 rows...
2025-06-19 17:53:29,863 - INFO - Processed 75000 rows...
2025-06-19 17:53:30,122 - INFO - Processed 76000 rows...
2025-06-19 17:53:30,342 - INFO - Processed 77000 rows...
2025-06-19 17:53:30,560 - INFO - Processed 78000 rows...
2025-06-19 17:53:30,659 - INFO - Successfully converted scripts\data\indusun_data.xlsx to scripts\data\indusun_data.csv
2025-06-19 18:08:05,993 - INFO - Starting conversion of scripts\data\indusun_data.xlsx to scripts\data\indusun_data.csv
2025-06-19 18:08:05,994 - INFO - Loading workbook in read-only mode...
2025-06-19 18:08:08,324 - INFO - Accessing MAIN SHEET...
2025-06-19 18:08:08,324 - INFO - Opening CSV file for writing...
2025-06-19 18:08:08,329 - INFO - Writing header row...
2025-06-19 18:08:08,332 - INFO - Skipping garbage row...
2025-06-19 18:08:08,335 - INFO - Writing data rows...
2025-06-19 18:08:08,589 - INFO - Processed 1000 rows...
2025-06-19 18:08:08,841 - INFO - Processed 2000 rows...
2025-06-19 18:08:09,100 - INFO - Processed 3000 rows...
2025-06-19 18:08:09,360 - INFO - Processed 4000 rows...
2025-06-19 18:08:09,617 - INFO - Processed 5000 rows...
2025-06-19 18:08:09,871 - INFO - Processed 6000 rows...
2025-06-19 18:08:10,131 - INFO - Processed 7000 rows...
2025-06-19 18:08:10,386 - INFO - Processed 8000 rows...
2025-06-19 18:08:10,642 - INFO - Processed 9000 rows...
2025-06-19 18:08:10,912 - INFO - Processed 10000 rows...
2025-06-19 18:08:11,178 - INFO - Processed 11000 rows...
2025-06-19 18:08:11,444 - INFO - Processed 12000 rows...
2025-06-19 18:08:11,726 - INFO - Processed 13000 rows...
2025-06-19 18:08:11,981 - INFO - Processed 14000 rows...
2025-06-19 18:08:12,243 - INFO - Processed 15000 rows...
2025-06-19 18:08:12,546 - INFO - Processed 16000 rows...
2025-06-19 18:08:12,804 - INFO - Processed 17000 rows...
2025-06-19 18:08:13,084 - INFO - Processed 18000 rows...
2025-06-19 18:08:13,346 - INFO - Processed 19000 rows...
2025-06-19 18:08:13,606 - INFO - Processed 20000 rows...
2025-06-19 18:08:13,859 - INFO - Processed 21000 rows...
2025-06-19 18:08:14,115 - INFO - Processed 22000 rows...
2025-06-19 18:08:14,380 - INFO - Processed 23000 rows...
2025-06-19 18:08:14,641 - INFO - Processed 24000 rows...
2025-06-19 18:08:14,895 - INFO - Processed 25000 rows...
2025-06-19 18:08:15,164 - INFO - Processed 26000 rows...
2025-06-19 18:08:15,422 - INFO - Processed 27000 rows...
2025-06-19 18:08:15,679 - INFO - Processed 28000 rows...
2025-06-19 18:08:15,936 - INFO - Processed 29000 rows...
2025-06-19 18:08:16,200 - INFO - Processed 30000 rows...
2025-06-19 18:08:16,453 - INFO - Processed 31000 rows...
2025-06-19 18:08:16,718 - INFO - Processed 32000 rows...
2025-06-19 18:08:16,971 - INFO - Processed 33000 rows...
2025-06-19 18:08:17,233 - INFO - Processed 34000 rows...
2025-06-19 18:08:17,488 - INFO - Processed 35000 rows...
2025-06-19 18:08:17,750 - INFO - Processed 36000 rows...
2025-06-19 18:08:18,009 - INFO - Processed 37000 rows...
2025-06-19 18:08:18,268 - INFO - Processed 38000 rows...
2025-06-19 18:08:18,523 - INFO - Processed 39000 rows...
2025-06-19 18:08:18,778 - INFO - Processed 40000 rows...
2025-06-19 18:08:19,030 - INFO - Processed 41000 rows...
2025-06-19 18:08:19,290 - INFO - Processed 42000 rows...
2025-06-19 18:08:19,554 - INFO - Processed 43000 rows...
2025-06-19 18:08:19,809 - INFO - Processed 44000 rows...
2025-06-19 18:08:20,067 - INFO - Processed 45000 rows...
2025-06-19 18:08:20,325 - INFO - Processed 46000 rows...
2025-06-19 18:08:20,581 - INFO - Processed 47000 rows...
2025-06-19 18:08:20,840 - INFO - Processed 48000 rows...
2025-06-19 18:08:21,094 - INFO - Processed 49000 rows...
2025-06-19 18:08:21,352 - INFO - Processed 50000 rows...
2025-06-19 18:08:21,615 - INFO - Processed 51000 rows...
2025-06-19 18:08:21,872 - INFO - Processed 52000 rows...
2025-06-19 18:08:22,135 - INFO - Processed 53000 rows...
2025-06-19 18:08:22,392 - INFO - Processed 54000 rows...
2025-06-19 18:08:22,655 - INFO - Processed 55000 rows...
2025-06-19 18:08:22,912 - INFO - Processed 56000 rows...
2025-06-19 18:08:23,178 - INFO - Processed 57000 rows...
2025-06-19 18:08:23,433 - INFO - Processed 58000 rows...
2025-06-19 18:08:23,698 - INFO - Processed 59000 rows...
2025-06-19 18:08:23,957 - INFO - Processed 60000 rows...
2025-06-19 18:08:24,213 - INFO - Processed 61000 rows...
2025-06-19 18:08:24,468 - INFO - Processed 62000 rows...
2025-06-19 18:08:24,724 - INFO - Processed 63000 rows...
2025-06-19 18:08:24,973 - INFO - Processed 64000 rows...
2025-06-19 18:08:25,232 - INFO - Processed 65000 rows...
2025-06-19 18:08:25,488 - INFO - Processed 66000 rows...
2025-06-19 18:08:25,743 - INFO - Processed 67000 rows...
2025-06-19 18:08:25,995 - INFO - Processed 68000 rows...
2025-06-19 18:08:26,247 - INFO - Processed 69000 rows...
2025-06-19 18:08:26,503 - INFO - Processed 70000 rows...
2025-06-19 18:08:26,760 - INFO - Processed 71000 rows...
2025-06-19 18:08:27,012 - INFO - Processed 72000 rows...
2025-06-19 18:08:27,269 - INFO - Processed 73000 rows...
2025-06-19 18:08:27,526 - INFO - Processed 74000 rows...
2025-06-19 18:08:27,780 - INFO - Processed 75000 rows...
2025-06-19 18:08:28,030 - INFO - Processed 76000 rows...
2025-06-19 18:08:28,246 - INFO - Processed 77000 rows...
2025-06-19 18:08:28,463 - INFO - Processed 78000 rows...
2025-06-19 18:08:28,561 - INFO - Successfully converted scripts\data\indusun_data.xlsx to scripts\data\indusun_data.csv
